// Jest Snapshot v1, https://goo.gl/fbAQLP

exports[`renders correctly 1`] = `
<View>
  <Text>
    Homepage
  </Text>
  <Text>
    Your role: 
    caregiver
  </Text>
  <View>
    <Text>
      Caregiver Homepage
    </Text>
  </View>
</View>
`;
