// Jest Snapshot v1, https://goo.gl/fbAQLP

exports[`renders correctly 1`] = `
<View
  accessible={false}
  focusable={true}
  onClick={[Function]}
  onResponderGrant={[Function]}
  onResponderMove={[Function]}
  onResponderRelease={[Function]}
  onResponderTerminate={[Function]}
  onResponderTerminationRequest={[Function]}
  onStartShouldSetResponder={[Function]}
  style={
    {
      "alignItems": "center",
      "backgroundColor": "#fff",
      "flex": 1,
      "justifyContent": "center",
      "width": "100%",
    }
  }
>
  <Text />
  <TextInput
    keyboardType="email-address"
    onChangeText={[Function]}
    placeholder="Email"
    style={
      {
        "borderWidth": 1,
        "height": 40,
        "margin": 12,
        "padding": 10,
        "width": 200,
      }
    }
    value=""
  />
  <Text />
  <TextInput
    onChangeText={[Function]}
    placeholder="Password"
    secureTextEntry={true}
    style={
      {
        "borderWidth": 1,
        "height": 40,
        "margin": 12,
        "padding": 10,
        "width": 200,
      }
    }
    value=""
  />
  <Text />
  <View
    accessible={true}
    collapsable={false}
    focusable={true}
    onClick={[Function]}
    onResponderGrant={[Function]}
    onResponderMove={[Function]}
    onResponderRelease={[Function]}
    onResponderTerminate={[Function]}
    onResponderTerminationRequest={[Function]}
    onStartShouldSetResponder={[Function]}
    style={
      {
        "borderWidth": 1,
        "opacity": 1,
        "paddingHorizontal": 10,
        "paddingVertical": 5,
      }
    }
  >
    <Text>
      Login
    </Text>
  </View>
</View>
`;
